(W) [acronyms] Acronym key RL not recognized
(W) [acronyms] Acronym key RL not recognized
